[    0.000000] Initializing cgroup subsys cpuset
[    0.000000] Initializing cgroup subsys cpu
[    0.000000] Initializing cgroup subsys cpuacct
[    0.000000] Linux version 4.4.0-210-generic (buildd@lgw01-amd64-009) (gcc version 5.4.0 20160609 (Ubuntu 5.4.0-6ubuntu1~16.04.12) ) #242-Ubuntu SMP Fri Apr 16 09:57:56 UTC 2021 (Ubuntu 4.4.0-210.242-generic 4.4.262)
[    0.000000] Command line: BOOT_IMAGE=/boot/vmlinuz-4.4.0-210-generic root=LABEL=cloudimg-rootfs ro console=tty1 console=ttyS0
[    0.000000] KERNEL supported cpus:
[    0.000000]   Intel GenuineIntel
[    0.000000]   AMD AuthenticAMD
[    0.000000]   Centaur CentaurHauls
[    0.000000] x86/fpu: xstate_offset[2]:  576, xstate_sizes[2]:  256
[    0.000000] x86/fpu: Supporting XSAVE feature 0x01: 'x87 floating point registers'
[    0.000000] x86/fpu: Supporting XSAVE feature 0x02: 'SSE registers'
[    0.000000] x86/fpu: Supporting XSAVE feature 0x04: 'AVX registers'
[    0.000000] x86/fpu: Enabled xstate features 0x7, context size is 832 bytes, using 'standard' format.
[    0.000000] e820: BIOS-provided physical RAM map:
[    0.000000] BIOS-e820: [mem 0x0000000000000000-0x000000000009fbff] usable
[    0.000000] BIOS-e820: [mem 0x000000000009fc00-0x000000000009ffff] reserved
[    0.000000] BIOS-e820: [mem 0x00000000000f0000-0x00000000000fffff] reserved
[    0.000000] BIOS-e820: [mem 0x0000000000100000-0x000000003ffeffff] usable
[    0.000000] BIOS-e820: [mem 0x000000003fff0000-0x000000003fffffff] ACPI data
[    0.000000] BIOS-e820: [mem 0x00000000fec00000-0x00000000fec00fff] reserved
[    0.000000] BIOS-e820: [mem 0x00000000fee00000-0x00000000fee00fff] reserved
[    0.000000] BIOS-e820: [mem 0x00000000fffc0000-0x00000000ffffffff] reserved
[    0.000000] NX (Execute Disable) protection: active
[    0.000000] SMBIOS 2.5 present.
[    0.000000] Hypervisor detected: KVM
[    0.000000] e820: last_pfn = 0x3fff0 max_arch_pfn = 0x400000000
[    0.000000] MTRR: Disabled
[    0.000000] x86/PAT: MTRRs disabled, skipping PAT initialization too.
[    0.000000] CPU MTRRs all blank - virtualized system.
[    0.000000] x86/PAT: Configuration [0-7]: WB  WT  UC- UC  WB  WT  UC- UC  
[    0.000000] found SMP MP-table at [mem 0x0009fff0-0x0009ffff] mapped at [ffff88000009fff0]
[    0.000000] Scanning 1 areas for low memory corruption
[    0.000000] RAMDISK: [mem 0x362dc000-0x37165fff]
[    0.000000] ACPI: Early table checksum verification disabled
[    0.000000] ACPI: RSDP 0x00000000000E0000 000024 (v02 VBOX  )
[    0.000000] ACPI: XSDT 0x000000003FFF0030 00003C (v01 VBOX   VBOXXSDT 00000001 ASL  00000061)
[    0.000000] ACPI: FACP 0x000000003FFF00F0 0000F4 (v04 VBOX   VBOXFACP 00000001 ASL  00000061)
[    0.000000] ACPI: DSDT 0x000000003FFF0470 002325 (v02 VBOX   VBOXBIOS 00000002 INTL 20100528)
[    0.000000] ACPI: FACS 0x000000003FFF0200 000040
[    0.000000] ACPI: FACS 0x000000003FFF0200 000040
[    0.000000] ACPI: APIC 0x000000003FFF0240 00005C (v02 VBOX   VBOXAPIC 00000001 ASL  00000061)
[    0.000000] ACPI: SSDT 0x000000003FFF02A0 0001CC (v01 VBOX   VBOXCPUT 00000002 INTL 20100528)
[    0.000000] No NUMA configuration found
[    0.000000] Faking a node at [mem 0x0000000000000000-0x000000003ffeffff]
[    0.000000] NODE_DATA(0) allocated [mem 0x3ffeb000-0x3ffeffff]
[    0.000000] kvm-clock: Using msrs 4b564d01 and 4b564d00
[    0.000000] kvm-clock: cpu 0, msr 0:3ffe3001, primary cpu clock
[    0.000000] kvm-clock: using sched offset of 3466418456 cycles
[    0.000000] clocksource: kvm-clock: mask: 0xffffffffffffffff max_cycles: 0x1cd42e4dffb, max_idle_ns: 881590591483 ns
[    0.000000] Zone ranges:
[    0.000000]   DMA      [mem 0x0000000000001000-0x0000000000ffffff]
[    0.000000]   DMA32    [mem 0x0000000001000000-0x000000003ffeffff]
[    0.000000]   Normal   empty
[    0.000000]   Device   empty
[    0.000000] Movable zone start for each node
[    0.000000] Early memory node ranges
[    0.000000]   node   0: [mem 0x0000000000001000-0x000000000009efff]
[    0.000000]   node   0: [mem 0x0000000000100000-0x000000003ffeffff]
[    0.000000] Initmem setup node 0 [mem 0x0000000000001000-0x000000003ffeffff]
[    0.000000] ACPI: PM-Timer IO Port: 0x4008
[    0.000000] IOAPIC[0]: apic_id 2, version 32, address 0xfec00000, GSI 0-23
[    0.000000] ACPI: INT_SRC_OVR (bus 0 bus_irq 0 global_irq 2 dfl dfl)
[    0.000000] ACPI: INT_SRC_OVR (bus 0 bus_irq 9 global_irq 9 low level)
[    0.000000] Using ACPI (MADT) for SMP configuration information
[    0.000000] smpboot: Allowing 2 CPUs, 0 hotplug CPUs
[    0.000000] PM: Registered nosave memory: [mem 0x00000000-0x00000fff]
[    0.000000] PM: Registered nosave memory: [mem 0x0009f000-0x0009ffff]
[    0.000000] PM: Registered nosave memory: [mem 0x000a0000-0x000effff]
[    0.000000] PM: Registered nosave memory: [mem 0x000f0000-0x000fffff]
[    0.000000] e820: [mem 0x40000000-0xfebfffff] available for PCI devices
[    0.000000] Booting paravirtualized kernel on KVM
[    0.000000] clocksource: refined-jiffies: mask: 0xffffffff max_cycles: 0xffffffff, max_idle_ns: 7645519600211568 ns
[    0.000000] setup_percpu: NR_CPUS:512 nr_cpumask_bits:512 nr_cpu_ids:2 nr_node_ids:1
[    0.000000] PERCPU: Embedded 33 pages/cpu @ffff88003fc00000 s95192 r8192 d31784 u1048576
[    0.000000] Built 1 zonelists in Node order, mobility grouping on.  Total pages: 257912
[    0.000000] Policy zone: DMA32
[    0.000000] Kernel command line: BOOT_IMAGE=/boot/vmlinuz-4.4.0-210-generic root=LABEL=cloudimg-rootfs ro console=tty1 console=ttyS0
[    0.000000] PID hash table entries: 4096 (order: 3, 32768 bytes)
[    0.000000] Memory: 997792K/1048120K available (8644K kernel code, 1332K rwdata, 4044K rodata, 1492K init, 1164K bss, 50328K reserved, 0K cma-reserved)
[    0.000000] SLUB: HWalign=64, Order=0-3, MinObjects=0, CPUs=2, Nodes=1
[    0.000000] Kernel/User page tables isolation: enabled
[    0.000000] Hierarchical RCU implementation.
[    0.000000] 	Build-time adjustment of leaf fanout to 64.
[    0.000000] 	RCU restricting CPUs from NR_CPUS=512 to nr_cpu_ids=2.
[    0.000000] RCU: Adjusting geometry for rcu_fanout_leaf=64, nr_cpu_ids=2
[    0.000000] NR_IRQS:33024 nr_irqs:440 16
[    0.000000] Console: colour VGA+ 80x25
[    0.000000] console [tty1] enabled
[    0.000000] console [ttyS0] enabled
[    0.000000] tsc: Detected 2904.000 MHz processor
[    0.212976] Calibrating delay loop (skipped) preset value.. 5808.00 BogoMIPS (lpj=11616000)
[    0.215966] pid_max: default: 32768 minimum: 301
[    0.217668] ACPI: Core revision 20150930
[    0.220796] ACPI: 2 ACPI AML tables successfully acquired and loaded
[    0.223380] Security Framework initialized
[    0.224655] Yama: becoming mindful.
[    0.225751] AppArmor: AppArmor initialized
[    0.227210] Dentry cache hash table entries: 131072 (order: 8, 1048576 bytes)
[    0.229335] Inode-cache hash table entries: 65536 (order: 7, 524288 bytes)
[    0.230999] Mount-cache hash table entries: 2048 (order: 2, 16384 bytes)
[    0.232643] Mountpoint-cache hash table entries: 2048 (order: 2, 16384 bytes)
[    0.234686] Initializing cgroup subsys io
[    0.235845] Initializing cgroup subsys memory
[    0.237037] Initializing cgroup subsys devices
[    0.238709] Initializing cgroup subsys freezer
[    0.240012] Initializing cgroup subsys net_cls
[    0.241409] Initializing cgroup subsys perf_event
[    0.243207] Initializing cgroup subsys net_prio
[    0.244969] Initializing cgroup subsys hugetlb
[    0.246308] Initializing cgroup subsys pids
[    0.248979] mce: CPU supports 0 MCE banks
[    0.250595] Last level iTLB entries: 4KB 64, 2MB 8, 4MB 8
[    0.251996] Last level dTLB entries: 4KB 64, 2MB 0, 4MB 0, 1GB 4
[    0.253331] Spectre V1 : Mitigation: usercopy/swapgs barriers and __user pointer sanitization
[    0.256594] Spectre V2 : Mitigation: Full generic retpoline
[    0.258117] Spectre V2 : Spectre v2 / SpectreRSB mitigation: Filling RSB on context switch
[    0.260901] Speculative Store Bypass: Vulnerable
[    0.262463] SRBDS: Unknown: Dependent on hypervisor status
[    0.264099] MDS: Mitigation: Clear CPU buffers
[    0.268372] Freeing SMP alternatives memory: 36K
[    0.277115] ftrace: allocating 32380 entries in 127 pages
[    0.350604] smpboot: APIC(0) Converting physical 0 to logical package 0
[    0.352844] smpboot: Max logical packages: 1
[    0.355207] x2apic enabled
[    0.356471] Switched APIC routing to physical x2apic.
[    0.359515] ..TIMER: vector=0x30 apic1=0 pin1=2 apic2=-1 pin2=-1
[    0.469104] smpboot: CPU0: Intel(R) Core(TM) i7-7820HK CPU @ 2.90GHz (family: 0x6, model: 0x9e, stepping: 0x9)
[    0.473234] Performance Events: unsupported p6 CPU model 158 no PMU driver, software events only.
[    0.485941] KVM setup paravirtual spinlock
[    0.488259] x86: Booting SMP configuration:
[    0.489518] .... node  #0, CPUs:      #1
[    0.490697] kvm-clock: cpu 1, msr 0:3ffe3041, secondary cpu clock
[    0.493427] mce: CPU supports 0 MCE banks
[    0.496580] x86: Booted up 1 node, 2 CPUs
[    0.498333] smpboot: Total of 2 processors activated (11616.00 BogoMIPS)
[    0.500929] devtmpfs: initialized
[    0.503593] evm: security.selinux
[    0.505411] evm: security.SMACK64
[    0.506854] evm: security.SMACK64EXEC
[    0.508049] evm: security.SMACK64TRANSMUTE
[    0.509320] evm: security.SMACK64MMAP
[    0.510423] evm: security.ima
[    0.511301] evm: security.capability
[    0.512507] clocksource: jiffies: mask: 0xffffffff max_cycles: 0xffffffff, max_idle_ns: 7645041785100000 ns
[    0.515284] futex hash table entries: 512 (order: 3, 32768 bytes)
[    0.517182] pinctrl core: initialized pinctrl subsystem
[    0.518659] RTC time: 15:31:59, date: 04/20/22
[    0.520331] NET: Registered protocol family 16
[    0.536061] cpuidle: using governor ladder
[    0.547809] cpuidle: using governor menu
[    0.549110] PCCT header not found.
[    0.550253] ACPI: bus type PCI registered
[    0.551485] acpiphp: ACPI Hot Plug PCI Controller Driver version: 0.5
[    0.553607] PCI: Using configuration type 1 for base access
[    0.569110] ACPI: Added _OSI(Module Device)
[    0.570407] ACPI: Added _OSI(Processor Device)
[    0.572831] ACPI: Added _OSI(3.0 _SCP Extensions)
[    0.574343] ACPI: Added _OSI(Processor Aggregator Device)
[    0.577000] ACPI: Executed 1 blocks of module-level executable AML code
[    0.581663] ACPI: Interpreter enabled
[    0.582694] ACPI: (supports S0 S5)
[    0.584139] ACPI: Using IOAPIC for interrupt routing
[    0.585730] PCI: Using host bridge windows from ACPI; if necessary, use "pci=nocrs" and report a bug
[    0.593263] ACPI: PCI Root Bridge [PCI0] (domain 0000 [bus 00-ff])
[    0.595155] acpi PNP0A03:00: _OSC: OS supports [ASPM ClockPM Segments MSI]
[    0.597255] acpi PNP0A03:00: _OSC: not requesting OS control; OS requires [ExtendedConfig ASPM ClockPM MSI]
[    0.599973] acpi PNP0A03:00: fail to add MMCONFIG information, can't access extended PCI configuration space under this bridge.
[    0.603790] PCI host bridge to bus 0000:00
[    0.605442] pci_bus 0000:00: root bus resource [io  0x0000-0x0cf7 window]
[    0.607425] pci_bus 0000:00: root bus resource [io  0x0d00-0xffff window]
[    0.609084] pci_bus 0000:00: root bus resource [mem 0x000a0000-0x000bffff window]
[    0.611547] pci_bus 0000:00: root bus resource [mem 0x40000000-0xfdffffff window]
[    0.613663] pci_bus 0000:00: root bus resource [bus 00-ff]
[    0.618257] pci 0000:00:01.1: legacy IDE quirk: reg 0x10: [io  0x01f0-0x01f7]
[    0.620702] pci 0000:00:01.1: legacy IDE quirk: reg 0x14: [io  0x03f6]
[    0.623491] pci 0000:00:01.1: legacy IDE quirk: reg 0x18: [io  0x0170-0x0177]
[    0.639702] pci 0000:00:01.1: legacy IDE quirk: reg 0x1c: [io  0x0376]
[    0.656760] pci 0000:00:07.0: quirk: [io  0x4000-0x403f] claimed by PIIX4 ACPI
[    0.659427] pci 0000:00:07.0: quirk: [io  0x4100-0x410f] claimed by PIIX4 SMB
[    0.669036] ACPI: PCI Interrupt Link [LNKA] (IRQs 5 9 10 *11)
[    0.671750] ACPI: PCI Interrupt Link [LNKB] (IRQs 5 9 *10 11)
[    0.674302] ACPI: PCI Interrupt Link [LNKC] (IRQs 5 *9 10 11)
[    0.676973] ACPI: PCI Interrupt Link [LNKD] (IRQs 5 9 10 *11)
[    0.679048] ACPI: Enabled 2 GPEs in block 00 to 07
[    0.680813] vgaarb: setting as boot device: PCI:0000:00:02.0
[    0.682748] vgaarb: device added: PCI:0000:00:02.0,decodes=io+mem,owns=io+mem,locks=none
[    0.685545] vgaarb: loaded
[    0.686746] vgaarb: bridge control possible 0000:00:02.0
[    0.688955] SCSI subsystem initialized
[    0.690584] ACPI: bus type USB registered
[    0.691789] usbcore: registered new interface driver usbfs
[    0.693433] usbcore: registered new interface driver hub
[    0.694829] usbcore: registered new device driver usb
[    0.697275] PCI: Using ACPI for IRQ routing
[    0.698854] NetLabel: Initializing
[    0.700182] NetLabel:  domain hash size = 128
[    0.701449] NetLabel:  protocols = UNLABELED CIPSOv4
[    0.702833] NetLabel:  unlabeled traffic allowed by default
[    0.704635] amd_nb: Cannot enumerate AMD northbridges
[    0.706725] clocksource: Switched to clocksource kvm-clock
[    0.715389] AppArmor: AppArmor Filesystem Enabled
[    0.716872] pnp: PnP ACPI init
[    0.718644] pnp: PnP ACPI: found 3 devices
[    0.730371] clocksource: acpi_pm: mask: 0xffffff max_cycles: 0xffffff, max_idle_ns: 2085701024 ns
[    0.732901] NET: Registered protocol family 2
[    0.734787] TCP established hash table entries: 8192 (order: 4, 65536 bytes)
[    0.736783] TCP bind hash table entries: 8192 (order: 5, 131072 bytes)
[    0.738901] TCP: Hash tables configured (established 8192 bind 8192)
[    0.740510] UDP hash table entries: 512 (order: 2, 16384 bytes)
[    0.741889] UDP-Lite hash table entries: 512 (order: 2, 16384 bytes)
[    0.743529] NET: Registered protocol family 1
[    0.744609] pci 0000:00:00.0: Limiting direct PCI/PCI transfers
[    0.746061] pci 0000:00:01.0: Activating ISA DMA hang workarounds
[    0.748079] Unpacking initramfs...
[    0.940452] Freeing initrd memory: 14888K
[    0.941959] clocksource: tsc: mask: 0xffffffffffffffff max_cycles: 0x29dc05e54fc, max_idle_ns: 440795291716 ns
[    0.944950] platform rtc_cmos: registered platform RTC device (no PNP device found)
[    0.947224] Scanning for low memory corruption every 60 seconds
[    0.949406] audit: initializing netlink subsys (disabled)
[    0.950796] audit: type=2000 audit(1650468725.601:1): initialized
[    0.952555] Initialise system trusted keyring
[    0.954073] HugeTLB registered 2 MB page size, pre-allocated 0 pages
[    0.957212] zbud: loaded
[    0.958367] VFS: Disk quotas dquot_6.6.0
[    0.959638] VFS: Dquot-cache hash table entries: 512 (order 0, 4096 bytes)
[    0.962195] squashfs: version 4.0 (2009/01/31) Phillip Lougher
[    0.964299] fuse init (API version 7.23)
[    0.965766] Key type big_key registered
[    0.967141] Allocating IMA MOK and blacklist keyrings.
[    0.971250] Key type asymmetric registered
[    0.972845] Asymmetric key parser 'x509' registered
[    0.974566] Block layer SCSI generic (bsg) driver version 0.4 loaded (major 249)
[    0.977062] io scheduler noop registered
[    0.978446] io scheduler deadline registered (default)
[    0.980150] io scheduler cfq registered
[    0.981382] pci_hotplug: PCI Hot Plug PCI Core version: 0.5
[    0.982851] pciehp: PCI Express Hot Plug Controller Driver version: 0.4
[    0.984725] ACPI: AC Adapter [AC] (on-line)
[    0.986053] input: Power Button as /devices/LNXSYSTM:00/LNXPWRBN:00/input/input0
[    0.988670] ACPI: Power Button [PWRF]
[    0.989779] input: Sleep Button as /devices/LNXSYSTM:00/LNXSLPBN:00/input/input1
[    0.991999] ACPI: Sleep Button [SLPF]
[    0.994485] ACPI: Battery Slot [BAT0] (battery present)
[    0.996415] GHES: HEST is not enabled!
[    0.997658] Serial: 8250/16550 driver, 32 ports, IRQ sharing enabled
[    1.020029] 00:02: ttyS0 at I/O 0x3f8 (irq = 4, base_baud = 115200) is a 16550A
[    1.023882] Linux agpgart interface v0.103
[    1.027117] loop: module loaded
[    1.028807] scsi host0: ata_piix
[    1.030340] scsi host1: ata_piix
[    1.031547] ata1: PATA max UDMA/33 cmd 0x1f0 ctl 0x3f6 bmdma 0xd000 irq 14
[    1.034740] ata2: PATA max UDMA/33 cmd 0x170 ctl 0x376 bmdma 0xd008 irq 15
[    1.038704] libphy: Fixed MDIO Bus: probed
[    1.041120] tun: Universal TUN/TAP device driver, 1.6
[    1.042297] tun: (C) 1999-2004 Max Krasnyansky <maxk@qualcomm.com>
[    1.043853] PPP generic driver version 2.4.2
[    1.045002] ehci_hcd: USB 2.0 'Enhanced' Host Controller (EHCI) Driver
[    1.046443] ehci-pci: EHCI PCI platform driver
[    1.047556] ehci-platform: EHCI generic platform driver
[    1.048793] ohci_hcd: USB 1.1 'Open' Host Controller (OHCI) Driver
[    1.050173] ohci-pci: OHCI PCI platform driver
[    1.051280] ohci-platform: OHCI generic platform driver
[    1.052661] uhci_hcd: USB Universal Host Controller Interface driver
[    1.054712] i8042: PNP: PS/2 Controller [PNP0303:PS2K,PNP0f03:PS2M] at 0x60,0x64 irq 1,12
[    1.057859] serio: i8042 KBD port at 0x60,0x64 irq 1
[    1.060302] serio: i8042 AUX port at 0x60,0x64 irq 12
[    1.062414] mousedev: PS/2 mouse device common for all mice
[    1.065001] input: AT Translated Set 2 keyboard as /devices/platform/i8042/serio0/input/input2
[    1.068420] rtc_cmos rtc_cmos: rtc core: registered rtc_cmos as rtc0
[    1.070575] rtc_cmos rtc_cmos: alarms up to one day, 114 bytes nvram
[    1.072079] i2c /dev entries driver
[    1.073526] device-mapper: uevent: version 1.0.3
[    1.075872] device-mapper: ioctl: 4.34.0-ioctl (2015-10-28) initialised: dm-devel@redhat.com
[    1.079500] ledtrig-cpu: registered to indicate activity on CPUs
[    1.081685] NET: Registered protocol family 10
[    1.083198] NET: Registered protocol family 17
[    1.084424] Key type dns_resolver registered
[    1.085968] registered taskstats version 1
[    1.087486] Loading compiled-in X.509 certificates
[    1.089566] Loaded X.509 cert 'Build time autogenerated kernel key: cf00e047681d67edb2720680708b7d9498083038'
[    1.092876] zswap: loaded using pool lzo/zbud
[    1.096958] Key type trusted registered
[    1.101658] Key type encrypted registered
[    1.103343] AppArmor: AppArmor sha1 policy hashing enabled
[    1.104832] ima: No TPM chip found, activating TPM-bypass!
[    1.106506] ima: Allocated hash algorithm: sha1
[    1.108309] evm: HMAC attrs: 0x1
[    1.109773]   Magic number: 2:559:538
[    1.111230] tty ttyS18: hash matches
[    1.112248] rtc_cmos rtc_cmos: setting system clock to 2022-04-20 15:32:00 UTC (1650468720)
[    1.114681] BIOS EDD facility v0.16 2004-Jun-25, 0 devices found
[    1.116116] EDD information not available.
[    1.215958] Freeing unused kernel memory: 1492K
[    1.217188] Write protecting the kernel read-only data: 14336k
[    1.219033] Freeing unused kernel memory: 1584K
[    1.220755] Freeing unused kernel memory: 52K
Loading, please wait...
starting version 229
[    1.236299] random: systemd-udevd: uninitialized urandom read (16 bytes read, 3 bits of entropy available)
[    1.236980] random: udevadm: uninitialized urandom read (16 bytes read, 3 bits of entropy available)
[    1.237022] random: udevadm: uninitialized urandom read (16 bytes read, 3 bits of entropy available)
[    1.246335] random: systemd-udevd: uninitialized urandom read (16 bytes read, 3 bits of entropy available)
[    1.247634] random: udevadm: uninitialized urandom read (16 bytes read, 3 bits of entropy available)
[    1.247671] random: udevadm: uninitialized urandom read (16 bytes read, 3 bits of entropy available)
[    1.247855] random: udevadm: uninitialized urandom read (16 bytes read, 3 bits of entropy available)
[    1.247917] random: udevadm: uninitialized urandom read (16 bytes read, 3 bits of entropy available)
[    1.247963] random: udevadm: uninitialized urandom read (16 bytes read, 3 bits of entropy available)
[    1.248009] random: udevadm: uninitialized urandom read (16 bytes read, 3 bits of entropy available)
[    1.294322] e1000: Intel(R) PRO/1000 Network Driver - version 7.3.21-k8-NAPI
[    1.296531] e1000: Copyright (c) 1999-2006 Intel Corporation.
[    1.302610] Fusion MPT base driver 3.04.20
[    1.304386] Copyright (c) 1999-2008 LSI Corporation
[    1.317210] Fusion MPT SPI Host driver 3.04.20
[    1.324050] AVX2 version of gcm_enc/dec engaged.
[    1.325360] AES CTR mode by8 optimization enabled
[    1.512252] input: ImExPS/2 Generic Explorer Mouse as /devices/platform/i8042/serio1/input/input4
[    1.712120] e1000 0000:00:03.0 eth0: (PCI:33MHz:32-bit) 02:be:82:6b:cc:1d
[    1.714449] e1000 0000:00:03.0 eth0: Intel(R) PRO/1000 Network Connection
[    2.124858] e1000 0000:00:08.0 eth1: (PCI:33MHz:32-bit) 08:00:27:5a:25:45
[    2.126670] e1000 0000:00:08.0 eth1: Intel(R) PRO/1000 Network Connection
[    2.130158] e1000 0000:00:03.0 enp0s3: renamed from eth0
[    2.135326] mptbase: ioc0: Initiating bringup
[    2.491171] e1000 0000:00:08.0 enp0s8: renamed from eth1
[    2.679007] ioc0: LSI53C1030 A0: Capabilities={Initiator}
[    4.509524] scsi host2: ioc0: LSI53C1030 A0, FwRev=00000000h, Ports=1, MaxQ=256, IRQ=20
[    6.413543] scsi 2:0:0:0: Direct-Access     VBOX     HARDDISK         1.0  PQ: 0 ANSI: 5
[    6.416640] scsi target2:0:0: Beginning Domain Validation
[    6.420398] scsi target2:0:0: Domain Validation skipping write tests
[    6.422424] scsi target2:0:0: Ending Domain Validation
[    6.424365] scsi target2:0:0: asynchronous
[    6.426334] scsi 2:0:1:0: Direct-Access     VBOX     HARDDISK         1.0  PQ: 0 ANSI: 5
[    6.446964] scsi target2:0:1: Beginning Domain Validation
[    6.450689] scsi target2:0:1: Domain Validation skipping write tests
[    6.452884] scsi target2:0:1: Ending Domain Validation
[    6.454437] scsi target2:0:1: asynchronous
[    6.461781] sd 2:0:0:0: Attached scsi generic sg0 type 0
[    6.463388] sd 2:0:1:0: Attached scsi generic sg1 type 0
[    6.463463] sd 2:0:0:0: [sda] 83886080 512-byte logical blocks: (42.9 GB/40.0 GiB)
[    6.467853] sd 2:0:1:0: [sdb] 20480 512-byte logical blocks: (10.5 MB/10.0 MiB)
[    6.470325] sd 2:0:0:0: [sda] Write Protect is off
[    6.470567] sd 2:0:1:0: [sdb] Write Protect is off
[    6.470648] sd 2:0:1:0: [sdb] Incomplete mode parameter data
[    6.470649] sd 2:0:1:0: [sdb] Assuming drive cache: write through
[    6.477666] sd 2:0:0:0: [sda] Incomplete mode parameter data
[    6.479086] sd 2:0:0:0: [sda] Assuming drive cache: write through
[    6.484148]  sda: sda1
[    6.484885] sd 2:0:1:0: [sdb] Attached SCSI disk
[    6.487227] sd 2:0:0:0: [sda] Attached SCSI disk
Begin: Loading essential drivers ... [    8.020368] md: linear personality registered for level -1
[    8.023572] md: multipath personality registered for level -4
[    8.026849] md: raid0 personality registered for level 0
[    8.031186] md: raid1 personality registered for level 1
[    8.102792] raid6: sse2x1   gen()  9928 MB/s
[    8.170800] raid6: sse2x1   xor()  7885 MB/s
[    8.238829] raid6: sse2x2   gen() 12900 MB/s
[    8.306855] raid6: sse2x2   xor()  8125 MB/s
[    8.374800] raid6: sse2x4   gen() 14815 MB/s
[    8.442769] raid6: sse2x4   xor()  9684 MB/s
[    8.510788] raid6: avx2x1   gen() 21399 MB/s
[    8.578786] raid6: avx2x2   gen() 23563 MB/s
[    8.646740] raid6: avx2x4   gen() 26757 MB/s
[    8.647797] raid6: using algorithm avx2x4 gen() 26757 MB/s
[    8.649205] raid6: using avx2x2 recovery algorithm
[    8.652055] xor: automatically using best checksumming function:
[    8.691003]    avx       : 24990.000 MB/sec
[    8.692952] async_tx: api initialized (async)
[    8.702085] md: raid6 personality registered for level 6
[    8.704369] md: raid5 personality registered for level 5
[    8.705756] md: raid4 personality registered for level 4
[    8.713077] md: raid10 personality registered for level 10
done.
Begin: Running /scripts/init-premount ... done.
Begin: Mounting root file system ... Begin: Running /scripts/local-top ... done.
Begin: Running /scripts/local-premount ... [    8.765082] Btrfs loaded
Scanning for Btrfs filesystems
done.
Warning: fsck not present, so skipping root file system
[    8.806097] EXT4-fs (sda1): mounted filesystem with ordered data mode. Opts: (null)
done.
Begin: Running /scripts/local-bottom ... done.
Begin: Running /scripts/init-bottom ... done.
[    8.923507] systemd[1]: systemd 229 running in system mode. (+PAM +AUDIT +SELINUX +IMA +APPARMOR +SMACK +SYSVINIT +UTMP +LIBCRYPTSETUP +GCRYPT +GNUTLS +ACL +XZ -LZ4 +SECCOMP +BLKID +ELFUTILS +KMOD -IDN)
[    8.927790] systemd[1]: Detected virtualization oracle.
[    8.929151] systemd[1]: Detected architecture x86-64.

Welcome to [1mUbuntu 16.04.7 LTS[0m!

[    8.940160] systemd[1]: Set hostname to <ubuntu-xenial>.
[    9.654637] systemd[1]: Created slice User and Session Slice.
[[0;32m  OK  [0m] Created slice User and Session Slice.
[    9.657234] systemd[1]: Listening on udev Kernel Socket.
[[0;32m  OK  [0m] Listening on udev Kernel Socket.
[    9.944396] systemd[1]: Listening on fsck to fsckd communication Socket.
[[0;32m  OK  [0m] Listening on fsck to fsckd communication Socket.
[    9.947405] systemd[1]: Created slice System Slice.
[[0;32m  OK  [0m] Created slice System Slice.
[    9.949615] systemd[1]: Listening on udev Control Socket.
[[0;32m  OK  [0m] Listening on udev Control Socket.
[    9.952683] systemd[1]: Listening on Journal Audit Socket.
[[0;32m  OK  [0m] Listening on Journal Audit Socket.
[    9.956121] systemd[1]: Listening on /dev/initctl Compatibility Named Pipe.
[[0;32m  OK  [0m] Listening on /dev/initctl Compatibility Named Pipe.
[    9.960257] systemd[1]: Listening on Device-mapper event daemon FIFOs.
[[0;32m  OK  [0m] Listening on Device-mapper event daemon FIFOs.
[   10.072681] systemd[1]: Created slice system-serial\x2dgetty.slice.
[[0;32m  OK  [0m] Created slice system-serial\x2dgetty.slice.
[   10.075624] systemd[1]: Reached target Swap.
[[0;32m  OK  [0m] Reached target Swap.
[   10.523920] systemd[1]: Reached target System Time Synchronized.
[[0;32m  OK  [0m] Reached target System Time Synchronized.
[   10.683090] systemd[1]: Started Forward Password Requests to Wall Directory Watch.
[[0;32m  OK  [0m] Started Forward Password Requests to Wall Directory Watch.
[   10.690488] systemd[1]: Started Trigger resolvconf update for networkd DNS.
[[0;32m  OK  [0m] Started Trigger resolvconf update for networkd DNS.
[   10.837001] systemd[1]: Listening on Syslog Socket.
[[0;32m  OK  [0m] Listening on Syslog Socket.
[   10.839603] systemd[1]: Reached target Encrypted Volumes.
[[0;32m  OK  [0m] Reached target Encrypted Volumes.
[   10.912200] systemd[1]: Set up automount Arbitrary Executable File Formats File System Automount Point.
[[0;32m  OK  [0m] Set up automount Arbitrary Executab...ats File System Automount Point.
[   10.929082] systemd[1]: Listening on LVM2 metadata daemon socket.
[[0;32m  OK  [0m] Listening on LVM2 metadata daemon socket.
[   10.941080] systemd[1]: Reached target Slices.
[[0;32m  OK  [0m] Reached target Slices.
[   10.948649] systemd[1]: Reached target User and Group Name Lookups.
[[0;32m  OK  [0m] Reached target User and Group Name Lookups.
[   11.524298] systemd[1]: Listening on Journal Socket.
[[0;32m  OK  [0m] Listening on Journal Socket.
[   11.695787] systemd[1]: Starting Set console keymap...
         Starting Set console keymap...
[   11.716126] systemd[1]: Starting Load Kernel Modules...
         Starting Load Kernel Modules...
[   11.729966] systemd[1]: Starting Monitoring of LVM2 mirrors, snapshots etc. using dmeventd or progress polling...
[   11.737613] Loading iSCSI transport class v2.0-870.
         Starting Monitoring of LVM2 mirrors... dmeventd or progress polling...
[   11.743890] systemd[1]: Mounting Huge Pages File System...
         Mounting Huge Pages File System...
[   11.751699] systemd[1]: Starting Create list of required static device nodes for the current kernel...
         Starting Create list of required st... nodes for the current kernel...
[   11.762347] iscsi: registered transport (tcp)
[   11.764520] systemd[1]: Starting Nameserver information manager...
         Starting Nameserver information manager...
[   11.769742] systemd[1]: Mounting POSIX Message Queue File System...
         Mounting POSIX Message Queue File System...
[   11.779512] systemd[1]: Mounting Debug File System...
         Mounting Debug File System...
[   11.791254] systemd[1]: Listening on Journal Socket (/dev/log).
[[0;32m  OK  [0m] Listening on Journal Socket (/dev/log).
[   11.794930] systemd[1]: Starting Journal Service...
         Starting Journal Service...
[   11.800313] systemd[1]: Starting File System Check on Root Device...
         Starting File Sy[   11.805212] random: nonblocking pool is initialized
stem Check on Root Device...
[   11.812121] systemd[1]: Starting Uncomplicated firewall...
         Starting Uncomplicated firewall.[   11.814806] iscsi: registered transport (iser)
..
[   11.816102] systemd[1]: Listening on LVM2 poll daemon socket.
[[0;32m  OK  [0m] Listening on LVM2 poll daemon socket.
[   11.821585] systemd[1]: Mounted Huge Pages File System.
[[0;32m  OK  [0m] Mounted Huge Pages File System.
[   11.823973] systemd[1]: Mounted POSIX Message Queue File System.
[[0;32m  OK  [0m] Mounted POSIX Message Queue File System.
[   11.826519] systemd[1]: Mounted Debug File System.
[[0;32m  OK  [0m] Mounted Debug File System.
[   11.831445] systemd[1]: Started Load Kernel Modules.
[[0;32m  OK  [0m] Started Load Kernel Modules.
[   11.840016] systemd[1]: Started Create list of required static device nodes for the current kernel.
[[0;32m  OK  [0m] Started Create list of required sta...ce nodes for the current kernel.
[   11.879668] systemd[1]: Started Set console keymap.
[[0;32m  OK  [0m] Started Set console keymap.
[   11.883137] systemd[1]: Started File System Check on Root Device.
[[0;32m  OK  [0m] Started File System Check on Root Device.
[   11.887541] systemd[1]: Started Uncomplicated firewall.
[[0;32m  OK  [0m] Started Uncomplicated firewall.
[   11.889927] systemd[1]: Started Nameserver information manager.
[[0;32m  OK  [0m] Started Nameserver information manager.
[   11.894628] systemd[1]: Started Journal Service.
[[0;32m  OK  [0m] Started Journal Service.
[[0;32m  OK  [0m] Started File System Check Daemon to report status.
[[0;32m  OK  [0m] Started LVM2 metadata daemon.
         Starting Remount Root and Kernel File Systems...
         Starting Create Static Device Nodes in /dev...
         Mounting FUSE Control File System...
[   11.929680] EXT4-fs (sda1): re-mounted. Opts: (null)
         Starting Apply Kernel Variables...
[[0;32m  OK  [0m] Started Remount Root and Kernel File Systems.
         Starting Flush Journal to Persistent Storage...
         Starting udev Coldplug all Devices...
         Starting Load/Save Random Seed...
[[0;32m  OK  [0m] Mounted FUSE Control File System.
[[0;32m  OK  [0m] Started Create Static Device Nodes in /dev.
[[0;32m  OK  [0m] Started Apply Kernel Variables.
[[0;32m  OK  [0m] Started Load/Save Random Seed.
         Starting udev Kernel Device Manager...
[[0;32m  OK  [0m] Started Flush Journal to Persistent Storage.
[[0;32m  OK  [0m] Started udev Kernel Device Manager.
[[0;32m  OK  [0m] Started udev Coldplug all Devices.
[[0;32m  OK  [0m] Started Dispatch Password Requests to Console Directory Watch.
[[0;32m  OK  [0m] Found device /dev/ttyS0.
[[0;32m  OK  [0m] Started Monitoring of LVM2 mirrors,...ng dmeventd or progress polling.
[[0;32m  OK  [0m] Reached target Local File Systems (Pre).
[[0;32m  OK  [0m] Reached target Local File Systems.
         Starting Tell Plymouth To Write Out Runtime Data...
         Starting Create Volatile Files and Directories...
         Starting LSB: AppArmor initialization...
         Starting Initial cloud-init job (pre-networking)...
         Starting Set console font and keymap...
[[0;32m  OK  [0m] Started Tell Plymouth To Write Out Runtime Data.
[[0;32m  OK  [0m] Started Create Volatile Files and Directories.
         Starting Update UTMP about System Boot/Shutdown...
[[0;32m  OK  [0m] Started Update UTMP about System Boot/Shutdown.
[[0;32m  OK  [0m] Listening on Load/Save RF Kill Switch Status /dev/rfkill Watch.
[[0;32m  OK  [0m] Started LSB: AppArmor initialization.
         Starting Load AppArmor profiles managed internally by snapd...
[[0;32m  OK  [0m] Started Load AppArmor profiles managed internally by snapd.
[[0;32m  OK  [0m] Found device 82540EM Gigabit Ethern...r (PRO/1000 MT Desktop Adapter).
[[0;32m  OK  [0m] Found device 82540EM Gigabit Ethern...r (PRO/1000 MT Desktop Adapter).
[   13.032672] cloud-init[519]: Cloud-init v. 21.1-19-gbad84ad4-0ubuntu1~16.04.2 running 'init-local' at Wed, 20 Apr 2022 15:32:12 +0000. Up 12.69 seconds.
[[0;32m  OK  [0m] Started Initial cloud-init job (pre-networking).
[[0;32m  OK  [0m] Reached target Network (Pre).
[[0;32m  OK  [0m] Started ifup for enp0s8.
[[0;32m  OK  [0m] Started ifup for enp0s3.
         Starting Raise network interfaces...
[[0;32m  OK  [0m] Started Set console font and keymap.
[[0;32m  OK  [0m] Created slice system-getty.slice.
[[0;32m  OK  [0m] Started Raise network interfaces.
         Starting Initial cloud-init job (metadata service crawler)...
[[0;32m  OK  [0m] Reached target Network.
[   14.239354] cloud-init[1078]: Cloud-init v. 21.1-19-gbad84ad4-0ubuntu1~16.04.2 running 'init' at Wed, 20 Apr 2022 15:32:13 +0000. Up 13.86 seconds.
[   14.248620] cloud-init[1078]: ci-info: ++++++++++++++++++++++++++++++++++++++Net device info+++++++++++++++++++++++++++++++++++++++
[   14.256425] cloud-init[1078]: ci-info: +--------+------+-----------------------------+---------------+--------+-------------------+
[   14.257787] cloud-init[1078]: ci-info: | Device |  Up  |           Address           |      Mask     | Scope  |     Hw-Address    |
[   14.259125] cloud-init[1078]: ci-info: +--------+------+-----------------------------+---------------+--------+-------------------+
[   14.261485] cloud-init[1078]: ci-info: | enp0s3 | True |          10.0.2.15          | 255.255.255.0 | global | 02:be:82:6b:cc:1d |
[   14.263125] cloud-init[1078]: ci-info: | enp0s3 | True |  fe80::be:82ff:fe6b:cc1d/64 |       .       |  link  | 02:be:82:6b:cc:1d |
[   14.264414] cloud-init[1078]: ci-info: | enp0s8 | True |        192.168.10.100       | 255.255.255.0 | global | 08:00:27:5a:25:45 |
[   14.272408] cloud-init[1078]: ci-info: | enp0s8 | True | fe80::a00:27ff:fe5a:2545/64 |       .       |  link  | 08:00:27:5a:25:45 |
[   14.274144] cloud-init[1078]: ci-info: |   lo   | True |          127.0.0.1          |   255.0.0.0   |  host  |         .         |
[   14.275369] cloud-init[1078]: ci-info: |   lo   | True |           ::1/128           |       .       |  host  |         .         |
[   14.277396] cloud-init[1078]: ci-info: +--------+------+-----------------------------+---------------+--------+-------------------+
[   14.279389] cloud-init[1078]: ci-info: ++++++++++++++++++++++++++++Route IPv4 info++++++++++++++++++++++++++++
[   14.280825] cloud-init[1078]: ci-info: +-------+--------------+----------+---------------+-----------+-------+
[   14.288448] cloud-init[1078]: ci-info: | Route | Destination  | Gateway  |    Genmask    | Interface | Flags |
[   14.289720] cloud-init[1078]: ci-info: +-------+--------------+----------+---------------+-----------+-------+
[   14.296613] cloud-init[1078]: ci-info: |   0   |   0.0.0.0    | 10.0.2.2 |    0.0.0.0    |   enp0s3  |   UG  |
[   14.297802] cloud-init[1078]: ci-info: |   1   |   10.0.2.0   | 0.0.0.0  | 255.255.255.0 |   enp0s3  |   U   |
[   14.298793] cloud-init[1078]: ci-info: |   2   | 192.168.10.0 | 0.0.0.0  | 255.255.255.0 |   enp0s8  |   U   |
[   14.299873] cloud-init[1078]: ci-info: +-------+--------------+----------+---------------+-----------+-------+
[   14.309233] cloud-init[1078]: ci-info: +++++++++++++++++++Route IPv6 info+++++++++++++++++++
[   14.311182] cloud-init[1078]: ci-info: +-------+-------------+---------+-----------+-------+
[[0;32m  OK  [0m] Started Initial cloud-init job (metadata service crawler).
[[0;32m  OK  [0m] Reached target System Initialization.
[   14.317527] cloud-init[1078]: ci-info: | Route | Destination | Gateway | Interface | Flags |
[   14.322548] cloud-init[1078]: ci-info: +-------+-------------+---------+-----------+-------+
[   14.324521] cloud-init[1078]: ci-info: |   0   |  fe80::/64  |    ::   |   enp0s8  |   U   |
[   14.326847] [[0;32m  OK  [0m] Started ACPI Events Check.
[[0;32m  OK  [0m] Started Daily Cleanup of Temporary Directories.
cloud-init[1078]: ci-info: |   1   |  fe80::/64  |    ::   |   enp0s3  |   U   |
[[0;32m  OK  [0m] Started Message of the Day.
[[0;32m  OK  [0m] Listening on D-Bus System Message Bus Socket.
[   14.337314] cloud-init[1078]: ci-info: |   4   |   ff00::/8  |    ::   |   enp0s8  |   U   |
[   14.347805] cloud-init[1078]: ci-info: |   5   |   ff00::/8  |    ::   |   enp0s3  |   U   |
[   14.349593] cloud-init[1078]: ci-info: +-------+-------------+---------+-----------+-------+
[[0;32m  OK  [0m] Started Trigger to poll for Ubuntu ...nly enabled on GCP LTS non-pro).
[[0;32m  OK  [0m] Reached target Paths.
         Starting Socket activation for snappy daemon.
[[0;32m  OK  [0m] Listening on UUID daemon activation socket.
[[0;32m  OK  [0m] Started Daily apt download activities.
[[0;32m  OK  [0m] Started Daily apt upgrade and clean activities.
         Starting LXD - unix socket.
[[0;32m  OK  [0m] Started Ubuntu Advantage Timer for running repeated jobs.
[[0;32m  OK  [0m] Reached target Timers.
[[0;32m  OK  [0m] Listening on ACPID Listen Socket.
[[0;32m  OK  [0m] Reached target Network is Online.
         Starting iSCSI initiator daemon (iscsid)...
[[0;32m  OK  [0m] Reached target Cloud-config availability.
[[0;32m  OK  [0m] Listening on Socket activation for snappy daemon.
[[0;32m  OK  [0m] Listening on LXD - unix socket.
[[0;32m  OK  [0m] Reached target Sockets.
[[0;32m  OK  [0m] Reached target Basic System.
         Starting LSB: Record successful boot for GRUB...
         Starting /etc/rc.local Compatibility...
         Starting LSB: MD monitoring daemon...
[[0;32m  OK  [0m] Started ACPI event daemon.
[[0;32m  OK  [0m] Started Deferred execution scheduler.
         Starting LXD - container startup/shutdown...
         Starting Virtualbox guest utils...
         Starting System Logging Service...
         Starting OpenBSD Secure Shell server...
         Starting Accounts Service...
[[0;32m  OK  [0m] Started Regular background program processing daemon.
[[0;32m  OK  [0m] Started D-Bus System Message Bus.
         Starting Login Service...
[[0;32m  OK  [0m] Started FUSE filesystem for LXC.
         Starting Snap Daemon...
[[0;32m  OK  [0m] Started System Logging Service.
[[0;32m  OK  [0m] Started /etc/rc.local Compatibility.
         Starting Authenticate and Authorize Users to Run Privileged Tasks...
[[0;32m  OK  [0m] Started iSCSI initiator daemon (iscsid).
         Starting Login to default iSCSI targets...
[[0;32m  OK  [0m] Started Login Service.
[[0;32m  OK  [0m] Started Unattended Upgrades Shutdown.
[[0;32m  OK  [0m] Started OpenBSD Secure Shell server.
[[0;32m  OK  [0m] Started LSB: Record successful boot for GRUB.
[[0;32m  OK  [0m] Started LSB: MD monitoring daemon.
[[0;32m  OK  [0m] Started Login to default iSCSI targets.
[[0;32m  OK  [0m] Reached target Remote File Systems (Pre).
         Mounting /vagrant...
[[0;1;31mFAILED[0m] Failed to mount /vagrant.
See 'systemctl status vagrant.mount' for details.
[[0;1;33mDEPEND[0m] Dependency failed for Remote File Systems.
[[0;32m  OK  [0m] Started Authenticate and Authorize Users to Run Privileged Tasks.
         Starting LSB: daemon to balance interrupts for SMP systems...
         Starting LSB: automatic crash report generation...
         Starting LSB: Set the CPU Frequency Scaling governor to "ondemand"...
         Starting Permit User Sessions...
[[0;32m  OK  [0m] Started Accounts Service.
[[0;32m  OK  [0m] Started Permit User Sessions.
         Starting Terminate Plymouth Boot Screen...
         Starting Hold until boot process finishes up...
[[0;32m  OK  [0m] Started Hold until boot process finishes up.
[[0;32m  OK  [0m] Started Terminate Plymouth Boot Screen.
[[0;32m  OK  [0m] Started Serial Getty on ttyS0.
[[0;32m  OK  [0m] Started Getty on tty1.
[[0;32m  OK  [0m] Reached target Login Prompts.
         Starting Set console scheme...
[[0;32m  OK  [0m] Started LSB: Set the CPU Frequency Scaling governor to "ondemand".
[[0;32m  OK  [0m] Started Set console scheme.
[[0;32m  OK  [0m] Started LXD - container startup/shutdown.
[[0;32m  OK  [0m] Started LSB: automatic crash report generation.
[[0;32m  OK  [0m] Started LSB: daemon to balance interrupts for SMP systems.
[[0;32m  OK  [0m] Started Virtualbox guest utils.
[[0;32m  OK  [0m] Started Snap Daemon.
         Starting Wait until snapd is fully seeded...
[[0;32m  OK  [0m] Started Wait until snapd is fully seeded.
[[0;32m  OK  [0m] Reached target Multi-User System.
[[0;32m  OK  [0m] Reached target Graphical Interface.
         Starting Update UTMP about System Runlevel Changes...
         Starting Apply the settings specified in cloud-config...
[[0;32m  OK  [0m] Started Update UTMP about System Runlevel Changes.
[   15.570632] cloud-init[1348]: Cloud-init v. 21.1-19-gbad84ad4-0ubuntu1~16.04.2 running 'modules:config' at Wed, 20 Apr 2022 15:32:15 +0000. Up 15.42 seconds.
[[0;32m  OK  [0m] Started Apply the settings specified in cloud-config.
         Starting Execute cloud user/final scripts...
[   16.237205] cloud-init[1359]: Cloud-init v. 21.1-19-gbad84ad4-0ubuntu1~16.04.2 running 'modules:final' at Wed, 20 Apr 2022 15:32:15 +0000. Up 16.06 seconds.
[   16.239024] cloud-init[1359]: Cloud-init v. 21.1-19-gbad84ad4-0ubuntu1~16.04.2 finished at Wed, 20 Apr 2022 15:32:15 +0000. Datasource DataSourceNoCloud [seed=/dev/sdb][dsmode=net].  Up 16.23 seconds
[[0;32m  OK  [0m] Started Execute cloud user/final scripts.
[[0;32m  OK  [0m] Reached target Cloud-init target.

Ubuntu 16.04.7 LTS ubuntu-xenial ttyS0

ubuntu-xenial login: 